Archive member included because of file (symbol)

c:/winavr-20090313/bin/../lib/gcc/avr/4.3.2/avr5\libgcc.a(_exit.o)
                              c:/winavr-20090313/bin/../lib/gcc/avr/4.3.2/../../../../avr/lib/avr5/crtm16.o (exit)
c:/winavr-20090313/bin/../lib/gcc/avr/4.3.2/avr5\libgcc.a(_copy_data.o)
                              main.o (__do_copy_data)
c:/winavr-20090313/bin/../lib/gcc/avr/4.3.2/avr5\libgcc.a(_clear_bss.o)
                              main.o (__do_clear_bss)
c:/winavr-20090313/bin/../lib/gcc/avr/4.3.2/../../../../avr/lib/avr5\libc.a(strcpy.o)
                              main.o (strcpy)
c:/winavr-20090313/bin/../lib/gcc/avr/4.3.2/../../../../avr/lib/avr5\libc.a(strncmp.o)
                              main.o (strncmp)

Memory Configuration

Name             Origin             Length             Attributes
text             0x00000000         0x00020000         xr
data             0x00800060         0x0000ffa0         rw !x
eeprom           0x00810000         0x00010000         rw !x
fuse             0x00820000         0x00000400         rw !x
lock             0x00830000         0x00000400         rw !x
signature        0x00840000         0x00000400         rw !x
*default*        0x00000000         0xffffffff

Linker script and memory map

LOAD c:/winavr-20090313/bin/../lib/gcc/avr/4.3.2/../../../../avr/lib/avr5/crtm16.o
LOAD main.o
LOAD c:/winavr-20090313/bin/../lib/gcc/avr/4.3.2/../../../../avr/lib/avr5\libm.a
LOAD c:/winavr-20090313/bin/../lib/gcc/avr/4.3.2/avr5\libgcc.a
LOAD c:/winavr-20090313/bin/../lib/gcc/avr/4.3.2/../../../../avr/lib/avr5\libc.a
LOAD c:/winavr-20090313/bin/../lib/gcc/avr/4.3.2/avr5\libgcc.a

.hash
 *(.hash)

.dynsym
 *(.dynsym)

.dynstr
 *(.dynstr)

.gnu.version
 *(.gnu.version)

.gnu.version_d
 *(.gnu.version_d)

.gnu.version_r
 *(.gnu.version_r)

.rel.init
 *(.rel.init)

.rela.init
 *(.rela.init)

.rel.text
 *(.rel.text)
 *(.rel.text.*)
 *(.rel.gnu.linkonce.t*)

.rela.text
 *(.rela.text)
 *(.rela.text.*)
 *(.rela.gnu.linkonce.t*)

.rel.fini
 *(.rel.fini)

.rela.fini
 *(.rela.fini)

.rel.rodata
 *(.rel.rodata)
 *(.rel.rodata.*)
 *(.rel.gnu.linkonce.r*)

.rela.rodata
 *(.rela.rodata)
 *(.rela.rodata.*)
 *(.rela.gnu.linkonce.r*)

.rel.data
 *(.rel.data)
 *(.rel.data.*)
 *(.rel.gnu.linkonce.d*)

.rela.data
 *(.rela.data)
 *(.rela.data.*)
 *(.rela.gnu.linkonce.d*)

.rel.ctors
 *(.rel.ctors)

.rela.ctors
 *(.rela.ctors)

.rel.dtors
 *(.rel.dtors)

.rela.dtors
 *(.rela.dtors)

.rel.got
 *(.rel.got)

.rela.got
 *(.rela.got)

.rel.bss
 *(.rel.bss)

.rela.bss
 *(.rela.bss)

.rel.plt
 *(.rel.plt)

.rela.plt
 *(.rela.plt)

.text           0x00000000     0x13ce
 *(.vectors)
 .vectors       0x00000000       0x54 c:/winavr-20090313/bin/../lib/gcc/avr/4.3.2/../../../../avr/lib/avr5/crtm16.o
                0x00000000                __vectors
                0x00000000                __vector_default
 *(.vectors)
 *(.progmem.gcc*)
 *(.progmem*)
 .progmem.data  0x00000054      0x29c main.o
                0x000002f0                . = ALIGN (0x2)
                0x000002f0                __trampolines_start = .
 *(.trampolines)
 .trampolines   0x000002f0        0x0 linker stubs
 *(.trampolines*)
                0x000002f0                __trampolines_end = .
 *(.jumptables)
 *(.jumptables*)
 *(.lowtext)
 *(.lowtext*)
                0x000002f0                __ctors_start = .
 *(.ctors)
                0x000002f0                __ctors_end = .
                0x000002f0                __dtors_start = .
 *(.dtors)
                0x000002f0                __dtors_end = .
 SORT(*)(.ctors)
 SORT(*)(.dtors)
 *(.init0)
 .init0         0x000002f0        0x0 c:/winavr-20090313/bin/../lib/gcc/avr/4.3.2/../../../../avr/lib/avr5/crtm16.o
                0x000002f0                __init
 *(.init0)
 *(.init1)
 *(.init1)
 *(.init2)
 .init2         0x000002f0        0xc c:/winavr-20090313/bin/../lib/gcc/avr/4.3.2/../../../../avr/lib/avr5/crtm16.o
 *(.init2)
 *(.init3)
 *(.init3)
 *(.init4)
 .init4         0x000002fc       0x16 c:/winavr-20090313/bin/../lib/gcc/avr/4.3.2/avr5\libgcc.a(_copy_data.o)
                0x000002fc                __do_copy_data
 .init4         0x00000312       0x10 c:/winavr-20090313/bin/../lib/gcc/avr/4.3.2/avr5\libgcc.a(_clear_bss.o)
                0x00000312                __do_clear_bss
 *(.init4)
 *(.init5)
 *(.init5)
 *(.init6)
 *(.init6)
 *(.init7)
 *(.init7)
 *(.init8)
 *(.init8)
 *(.init9)
 .init9         0x00000322        0x8 c:/winavr-20090313/bin/../lib/gcc/avr/4.3.2/../../../../avr/lib/avr5/crtm16.o
 *(.init9)
 *(.text)
 .text          0x0000032a        0x4 c:/winavr-20090313/bin/../lib/gcc/avr/4.3.2/../../../../avr/lib/avr5/crtm16.o
                0x0000032a                __vector_1
                0x0000032a                __vector_12
                0x0000032a                __bad_interrupt
                0x0000032a                __vector_6
                0x0000032a                __vector_3
                0x0000032a                __vector_11
                0x0000032a                __vector_13
                0x0000032a                __vector_17
                0x0000032a                __vector_19
                0x0000032a                __vector_7
                0x0000032a                __vector_5
                0x0000032a                __vector_4
                0x0000032a                __vector_9
                0x0000032a                __vector_2
                0x0000032a                __vector_15
                0x0000032a                __vector_8
                0x0000032a                __vector_14
                0x0000032a                __vector_10
                0x0000032a                __vector_16
                0x0000032a                __vector_18
                0x0000032a                __vector_20
 .text          0x0000032e     0x1072 main.o
                0x0000095c                init_ip_arp_udp_tcp
                0x00000368                enc28j60ReadBuffer
                0x000003c2                enc28j60SetBank
                0x00000de4                make_tcp_ack_with_data
                0x000004c4                enc28j60Init
                0x00000bbe                make_udp_reply_from_request
                0x00000352                enc28j60WriteOp
                0x00000ce4                init_len_info
                0x0000044a                enc28j60PhyReadH
                0x00000410                enc28j60Read
                0x0000039a                enc28j60WriteBuffer
                0x0000047c                enc28j60PhyWrite
                0x00001046                verify_password
                0x00000d2a                fill_tcp_data_p
                0x00000634                enc28j60getrev
                0x000004b8                enc28j60clkout
                0x00000c64                make_tcp_synack_from_syn
                0x00000f26                print_webpage
                0x00000732                enc28j60PacketReceive
                0x000009e0                eth_type_is_ip_and_my_ip
                0x00000a3a                fill_ip_hdr_checksum
                0x00000726                enc28j60hasRxPkt
                0x000009a8                eth_type_is_arp_and_my_ip
                0x00001060                main
                0x0000032e                enc28j60ReadOp
                0x00000a68                make_ip
                0x00000e74                moved_perm
                0x00000cc2                get_tcp_data_pointer
                0x00000b6e                make_echo_reply_from_request
                0x00000d50                fill_tcp_data
                0x00000a8a                make_tcphead
                0x00000a20                make_eth
                0x00000b06                make_arp_answer_from_request
                0x00000866                checksum
                0x00000d74                make_tcp_ack_from_any
                0x0000063c                enc28j60linkup
                0x00000424                enc28j60Write
                0x0000064e                enc28j60PacketSend
                0x00000e38                analyse_get_url
 .text          0x000013a0        0x0 c:/winavr-20090313/bin/../lib/gcc/avr/4.3.2/avr5\libgcc.a(_exit.o)
 .text          0x000013a0        0x0 c:/winavr-20090313/bin/../lib/gcc/avr/4.3.2/avr5\libgcc.a(_copy_data.o)
 .text          0x000013a0        0x0 c:/winavr-20090313/bin/../lib/gcc/avr/4.3.2/avr5\libgcc.a(_clear_bss.o)
 .text          0x000013a0        0xe c:/winavr-20090313/bin/../lib/gcc/avr/4.3.2/../../../../avr/lib/avr5\libc.a(strcpy.o)
                0x000013a0                strcpy
 .text          0x000013ae       0x1c c:/winavr-20090313/bin/../lib/gcc/avr/4.3.2/../../../../avr/lib/avr5\libc.a(strncmp.o)
                0x000013ae                strncmp
                0x000013ca                . = ALIGN (0x2)
 *(.text.*)
 .text.libgcc   0x000013ca        0x0 c:/winavr-20090313/bin/../lib/gcc/avr/4.3.2/avr5\libgcc.a(_exit.o)
 .text.libgcc   0x000013ca        0x0 c:/winavr-20090313/bin/../lib/gcc/avr/4.3.2/avr5\libgcc.a(_copy_data.o)
 .text.libgcc   0x000013ca        0x0 c:/winavr-20090313/bin/../lib/gcc/avr/4.3.2/avr5\libgcc.a(_clear_bss.o)
                0x000013ca                . = ALIGN (0x2)
 *(.fini9)
 .fini9         0x000013ca        0x0 c:/winavr-20090313/bin/../lib/gcc/avr/4.3.2/avr5\libgcc.a(_exit.o)
                0x000013ca                exit
                0x000013ca                _exit
 *(.fini9)
 *(.fini8)
 *(.fini8)
 *(.fini7)
 *(.fini7)
 *(.fini6)
 *(.fini6)
 *(.fini5)
 *(.fini5)
 *(.fini4)
 *(.fini4)
 *(.fini3)
 *(.fini3)
 *(.fini2)
 *(.fini2)
 *(.fini1)
 *(.fini1)
 *(.fini0)
 .fini0         0x000013ca        0x4 c:/winavr-20090313/bin/../lib/gcc/avr/4.3.2/avr5\libgcc.a(_exit.o)
 *(.fini0)
                0x000013ce                _etext = .

.data           0x00800060       0x48 load address 0x000013ce
                0x00800060                PROVIDE (__data_start, .)
 *(.data)
 .data          0x00800060        0x0 c:/winavr-20090313/bin/../lib/gcc/avr/4.3.2/../../../../avr/lib/avr5/crtm16.o
 .data          0x00800060       0x47 main.o
 .data          0x008000a7        0x0 c:/winavr-20090313/bin/../lib/gcc/avr/4.3.2/avr5\libgcc.a(_exit.o)
 .data          0x008000a7        0x0 c:/winavr-20090313/bin/../lib/gcc/avr/4.3.2/avr5\libgcc.a(_copy_data.o)
 .data          0x008000a7        0x0 c:/winavr-20090313/bin/../lib/gcc/avr/4.3.2/avr5\libgcc.a(_clear_bss.o)
 .data          0x008000a7        0x0 c:/winavr-20090313/bin/../lib/gcc/avr/4.3.2/../../../../avr/lib/avr5\libc.a(strcpy.o)
 .data          0x008000a7        0x0 c:/winavr-20090313/bin/../lib/gcc/avr/4.3.2/../../../../avr/lib/avr5\libc.a(strncmp.o)
 *(.data*)
 *(.rodata)
 *(.rodata*)
 *(.gnu.linkonce.d*)
                0x008000a8                . = ALIGN (0x2)
 *fill*         0x008000a7        0x1 00
                0x008000a8                _edata = .
                0x008000a8                PROVIDE (__data_end, .)

.bss            0x008000a8      0x238
                0x008000a8                PROVIDE (__bss_start, .)
 *(.bss)
 .bss           0x008000a8        0x0 c:/winavr-20090313/bin/../lib/gcc/avr/4.3.2/../../../../avr/lib/avr5/crtm16.o
 .bss           0x008000a8      0x238 main.o
 .bss           0x008002e0        0x0 c:/winavr-20090313/bin/../lib/gcc/avr/4.3.2/avr5\libgcc.a(_exit.o)
 .bss           0x008002e0        0x0 c:/winavr-20090313/bin/../lib/gcc/avr/4.3.2/avr5\libgcc.a(_copy_data.o)
 .bss           0x008002e0        0x0 c:/winavr-20090313/bin/../lib/gcc/avr/4.3.2/avr5\libgcc.a(_clear_bss.o)
 .bss           0x008002e0        0x0 c:/winavr-20090313/bin/../lib/gcc/avr/4.3.2/../../../../avr/lib/avr5\libc.a(strcpy.o)
 .bss           0x008002e0        0x0 c:/winavr-20090313/bin/../lib/gcc/avr/4.3.2/../../../../avr/lib/avr5\libc.a(strncmp.o)
 *(.bss*)
 *(COMMON)
                0x008002e0                PROVIDE (__bss_end, .)
                0x000013ce                __data_load_start = LOADADDR (.data)
                0x00001416                __data_load_end = (__data_load_start + SIZEOF (.data))

.noinit         0x008002e0        0x0
                0x008002e0                PROVIDE (__noinit_start, .)
 *(.noinit*)
                0x008002e0                PROVIDE (__noinit_end, .)
                0x008002e0                _end = .
                0x008002e0                PROVIDE (__heap_start, .)

.eeprom         0x00810000        0x0
 *(.eeprom*)
                0x00810000                __eeprom_end = .

.fuse
 *(.fuse)
 *(.lfuse)
 *(.hfuse)
 *(.efuse)

.lock
 *(.lock*)

.signature
 *(.signature*)

.stab
 *(.stab)

.stabstr
 *(.stabstr)

.stab.excl
 *(.stab.excl)

.stab.exclstr
 *(.stab.exclstr)

.stab.index
 *(.stab.index)

.stab.indexstr
 *(.stab.indexstr)

.comment
 *(.comment)

.debug
 *(.debug)

.line
 *(.line)

.debug_srcinfo
 *(.debug_srcinfo)

.debug_sfnames
 *(.debug_sfnames)

.debug_aranges  0x00000000       0x20
 *(.debug_aranges)
 .debug_aranges
                0x00000000       0x20 main.o

.debug_pubnames
                0x00000000      0x353
 *(.debug_pubnames)
 .debug_pubnames
                0x00000000      0x353 main.o

.debug_info     0x00000000     0x17a9
 *(.debug_info)
 .debug_info    0x00000000     0x17a9 main.o
 *(.gnu.linkonce.wi.*)

.debug_abbrev   0x00000000      0x339
 *(.debug_abbrev)
 .debug_abbrev  0x00000000      0x339 main.o

.debug_line     0x00000000     0x1510
 *(.debug_line)
 .debug_line    0x00000000     0x1510 main.o

.debug_frame    0x00000000      0x280
 *(.debug_frame)
 .debug_frame   0x00000000      0x280 main.o

.debug_str      0x00000000      0x4a6
 *(.debug_str)
 .debug_str     0x00000000      0x4a6 main.o
                                0x50f (size before relaxing)

.debug_loc      0x00000000      0xf9a
 *(.debug_loc)
 .debug_loc     0x00000000      0xf9a main.o

.debug_macinfo
 *(.debug_macinfo)
OUTPUT(main.elf elf32-avr)
LOAD linker stubs

.debug_ranges   0x00000000       0x48
 .debug_ranges  0x00000000       0x48 main.o

Cross Reference Table

Symbol                                            File
__bad_interrupt                                   c:/winavr-20090313/bin/../lib/gcc/avr/4.3.2/../../../../avr/lib/avr5/crtm16.o
__bss_end                                         c:/winavr-20090313/bin/../lib/gcc/avr/4.3.2/avr5\libgcc.a(_clear_bss.o)
__bss_start                                       c:/winavr-20090313/bin/../lib/gcc/avr/4.3.2/avr5\libgcc.a(_clear_bss.o)
__data_end                                        c:/winavr-20090313/bin/../lib/gcc/avr/4.3.2/avr5\libgcc.a(_copy_data.o)
__data_load_start                                 c:/winavr-20090313/bin/../lib/gcc/avr/4.3.2/avr5\libgcc.a(_copy_data.o)
__data_start                                      c:/winavr-20090313/bin/../lib/gcc/avr/4.3.2/avr5\libgcc.a(_copy_data.o)
__do_clear_bss                                    c:/winavr-20090313/bin/../lib/gcc/avr/4.3.2/avr5\libgcc.a(_clear_bss.o)
                                                  main.o
__do_copy_data                                    c:/winavr-20090313/bin/../lib/gcc/avr/4.3.2/avr5\libgcc.a(_copy_data.o)
                                                  main.o
__heap_end                                        c:/winavr-20090313/bin/../lib/gcc/avr/4.3.2/../../../../avr/lib/avr5/crtm16.o
__init                                            c:/winavr-20090313/bin/../lib/gcc/avr/4.3.2/../../../../avr/lib/avr5/crtm16.o
__stack                                           c:/winavr-20090313/bin/../lib/gcc/avr/4.3.2/../../../../avr/lib/avr5/crtm16.o
__vector_1                                        c:/winavr-20090313/bin/../lib/gcc/avr/4.3.2/../../../../avr/lib/avr5/crtm16.o
__vector_10                                       c:/winavr-20090313/bin/../lib/gcc/avr/4.3.2/../../../../avr/lib/avr5/crtm16.o
__vector_11                                       c:/winavr-20090313/bin/../lib/gcc/avr/4.3.2/../../../../avr/lib/avr5/crtm16.o
__vector_12                                       c:/winavr-20090313/bin/../lib/gcc/avr/4.3.2/../../../../avr/lib/avr5/crtm16.o
__vector_13                                       c:/winavr-20090313/bin/../lib/gcc/avr/4.3.2/../../../../avr/lib/avr5/crtm16.o
__vector_14                                       c:/winavr-20090313/bin/../lib/gcc/avr/4.3.2/../../../../avr/lib/avr5/crtm16.o
__vector_15                                       c:/winavr-20090313/bin/../lib/gcc/avr/4.3.2/../../../../avr/lib/avr5/crtm16.o
__vector_16                                       c:/winavr-20090313/bin/../lib/gcc/avr/4.3.2/../../../../avr/lib/avr5/crtm16.o
__vector_17                                       c:/winavr-20090313/bin/../lib/gcc/avr/4.3.2/../../../../avr/lib/avr5/crtm16.o
__vector_18                                       c:/winavr-20090313/bin/../lib/gcc/avr/4.3.2/../../../../avr/lib/avr5/crtm16.o
__vector_19                                       c:/winavr-20090313/bin/../lib/gcc/avr/4.3.2/../../../../avr/lib/avr5/crtm16.o
__vector_2                                        c:/winavr-20090313/bin/../lib/gcc/avr/4.3.2/../../../../avr/lib/avr5/crtm16.o
__vector_20                                       c:/winavr-20090313/bin/../lib/gcc/avr/4.3.2/../../../../avr/lib/avr5/crtm16.o
__vector_3                                        c:/winavr-20090313/bin/../lib/gcc/avr/4.3.2/../../../../avr/lib/avr5/crtm16.o
__vector_4                                        c:/winavr-20090313/bin/../lib/gcc/avr/4.3.2/../../../../avr/lib/avr5/crtm16.o
__vector_5                                        c:/winavr-20090313/bin/../lib/gcc/avr/4.3.2/../../../../avr/lib/avr5/crtm16.o
__vector_6                                        c:/winavr-20090313/bin/../lib/gcc/avr/4.3.2/../../../../avr/lib/avr5/crtm16.o
__vector_7                                        c:/winavr-20090313/bin/../lib/gcc/avr/4.3.2/../../../../avr/lib/avr5/crtm16.o
__vector_8                                        c:/winavr-20090313/bin/../lib/gcc/avr/4.3.2/../../../../avr/lib/avr5/crtm16.o
__vector_9                                        c:/winavr-20090313/bin/../lib/gcc/avr/4.3.2/../../../../avr/lib/avr5/crtm16.o
__vector_default                                  c:/winavr-20090313/bin/../lib/gcc/avr/4.3.2/../../../../avr/lib/avr5/crtm16.o
__vectors                                         c:/winavr-20090313/bin/../lib/gcc/avr/4.3.2/../../../../avr/lib/avr5/crtm16.o
_exit                                             c:/winavr-20090313/bin/../lib/gcc/avr/4.3.2/avr5\libgcc.a(_exit.o)
analyse_get_url                                   main.o
checksum                                          main.o
enc28j60Init                                      main.o
enc28j60PacketReceive                             main.o
enc28j60PacketSend                                main.o
enc28j60PhyReadH                                  main.o
enc28j60PhyWrite                                  main.o
enc28j60Read                                      main.o
enc28j60ReadBuffer                                main.o
enc28j60ReadOp                                    main.o
enc28j60SetBank                                   main.o
enc28j60Write                                     main.o
enc28j60WriteBuffer                               main.o
enc28j60WriteOp                                   main.o
enc28j60clkout                                    main.o
enc28j60getrev                                    main.o
enc28j60hasRxPkt                                  main.o
enc28j60linkup                                    main.o
eth_type_is_arp_and_my_ip                         main.o
eth_type_is_ip_and_my_ip                          main.o
exit                                              c:/winavr-20090313/bin/../lib/gcc/avr/4.3.2/avr5\libgcc.a(_exit.o)
                                                  c:/winavr-20090313/bin/../lib/gcc/avr/4.3.2/../../../../avr/lib/avr5/crtm16.o
fill_ip_hdr_checksum                              main.o
fill_tcp_data                                     main.o
fill_tcp_data_p                                   main.o
get_tcp_data_pointer                              main.o
init_ip_arp_udp_tcp                               main.o
init_len_info                                     main.o
main                                              main.o
                                                  c:/winavr-20090313/bin/../lib/gcc/avr/4.3.2/../../../../avr/lib/avr5/crtm16.o
make_arp_answer_from_request                      main.o
make_echo_reply_from_request                      main.o
make_eth                                          main.o
make_ip                                           main.o
make_tcp_ack_from_any                             main.o
make_tcp_ack_with_data                            main.o
make_tcp_synack_from_syn                          main.o
make_tcphead                                      main.o
make_udp_reply_from_request                       main.o
moved_perm                                        main.o
print_webpage                                     main.o
strcpy                                            c:/winavr-20090313/bin/../lib/gcc/avr/4.3.2/../../../../avr/lib/avr5\libc.a(strcpy.o)
                                                  main.o
strncmp                                           c:/winavr-20090313/bin/../lib/gcc/avr/4.3.2/../../../../avr/lib/avr5\libc.a(strncmp.o)
                                                  main.o
verify_password                                   main.o
