Archive member included because of file (symbol)

c:/winavr-20090313/bin/../lib/gcc/avr/4.3.2/avr5\libgcc.a(_prologue.o)
                              test_readSiliconRev.o (__prologue_saves__)
c:/winavr-20090313/bin/../lib/gcc/avr/4.3.2/avr5\libgcc.a(_epilogue.o)
                              test_readSiliconRev.o (__epilogue_restores__)
c:/winavr-20090313/bin/../lib/gcc/avr/4.3.2/avr5\libgcc.a(_exit.o)
                              c:/winavr-20090313/bin/../lib/gcc/avr/4.3.2/../../../../avr/lib/avr5/crtm168.o (exit)
c:/winavr-20090313/bin/../lib/gcc/avr/4.3.2/avr5\libgcc.a(_copy_data.o)
                              test_readSiliconRev.o (__do_copy_data)
c:/winavr-20090313/bin/../lib/gcc/avr/4.3.2/avr5\libgcc.a(_clear_bss.o)
                              test_readSiliconRev.o (__do_clear_bss)
c:/winavr-20090313/bin/../lib/gcc/avr/4.3.2/../../../../avr/lib/avr5\libc.a(strcpy.o)
                              test_readSiliconRev.o (strcpy)
c:/winavr-20090313/bin/../lib/gcc/avr/4.3.2/../../../../avr/lib/avr5\libc.a(strncmp.o)
                              test_readSiliconRev.o (strncmp)
c:/winavr-20090313/bin/../lib/gcc/avr/4.3.2/../../../../avr/lib/avr5\libc.a(strnlen.o)
                              test_readSiliconRev.o (strnlen)
c:/winavr-20090313/bin/../lib/gcc/avr/4.3.2/../../../../avr/lib/avr5\libc.a(itoa.o)
                              test_readSiliconRev.o (itoa)
c:/winavr-20090313/bin/../lib/gcc/avr/4.3.2/../../../../avr/lib/avr5\libc.a(strrev.o)
                              c:/winavr-20090313/bin/../lib/gcc/avr/4.3.2/../../../../avr/lib/avr5\libc.a(itoa.o) (strrev)
c:/winavr-20090313/bin/../lib/gcc/avr/4.3.2/avr5\libgcc.a(_udivmodhi4.o)
                              c:/winavr-20090313/bin/../lib/gcc/avr/4.3.2/../../../../avr/lib/avr5\libc.a(itoa.o) (__udivmodhi4)

Memory Configuration

Name             Origin             Length             Attributes
text             0x00000000         0x00020000         xr
data             0x00800060         0x0000ffa0         rw !x
eeprom           0x00810000         0x00010000         rw !x
fuse             0x00820000         0x00000400         rw !x
lock             0x00830000         0x00000400         rw !x
signature        0x00840000         0x00000400         rw !x
*default*        0x00000000         0xffffffff

Linker script and memory map

Address of section .data set to 0x800100
LOAD c:/winavr-20090313/bin/../lib/gcc/avr/4.3.2/../../../../avr/lib/avr5/crtm168.o
LOAD test_readSiliconRev.o
LOAD enc28j60.o
LOAD ip_arp_udp_tcp.o
LOAD c:/winavr-20090313/bin/../lib/gcc/avr/4.3.2/avr5\libgcc.a
LOAD c:/winavr-20090313/bin/../lib/gcc/avr/4.3.2/../../../../avr/lib/avr5\libc.a
LOAD c:/winavr-20090313/bin/../lib/gcc/avr/4.3.2/avr5\libgcc.a

.hash
 *(.hash)

.dynsym
 *(.dynsym)

.dynstr
 *(.dynstr)

.gnu.version
 *(.gnu.version)

.gnu.version_d
 *(.gnu.version_d)

.gnu.version_r
 *(.gnu.version_r)

.rel.init
 *(.rel.init)

.rela.init
 *(.rela.init)

.rel.text
 *(.rel.text)
 *(.rel.text.*)
 *(.rel.gnu.linkonce.t*)

.rela.text
 *(.rela.text)
 *(.rela.text.*)
 *(.rela.gnu.linkonce.t*)

.rel.fini
 *(.rel.fini)

.rela.fini
 *(.rela.fini)

.rel.rodata
 *(.rel.rodata)
 *(.rel.rodata.*)
 *(.rel.gnu.linkonce.r*)

.rela.rodata
 *(.rela.rodata)
 *(.rela.rodata.*)
 *(.rela.gnu.linkonce.r*)

.rel.data
 *(.rel.data)
 *(.rel.data.*)
 *(.rel.gnu.linkonce.d*)

.rela.data
 *(.rela.data)
 *(.rela.data.*)
 *(.rela.gnu.linkonce.d*)

.rel.ctors
 *(.rel.ctors)

.rela.ctors
 *(.rela.ctors)

.rel.dtors
 *(.rel.dtors)

.rela.dtors
 *(.rela.dtors)

.rel.got
 *(.rel.got)

.rela.got
 *(.rela.got)

.rel.bss
 *(.rel.bss)

.rela.bss
 *(.rela.bss)

.rel.plt
 *(.rel.plt)

.rela.plt
 *(.rela.plt)

.text           0x00000000     0x1d44
 *(.vectors)
 .vectors       0x00000000       0x68 c:/winavr-20090313/bin/../lib/gcc/avr/4.3.2/../../../../avr/lib/avr5/crtm168.o
                0x00000000                __vectors
                0x00000000                __vector_default
 *(.vectors)
 *(.progmem.gcc*)
 *(.progmem*)
 .progmem.data  0x00000068       0xe7 test_readSiliconRev.o
 .progmem.data  0x0000014f      0x102 ip_arp_udp_tcp.o
                0x00000157                iphdr
                0x0000014f                arpreqhdr
                0x00000252                . = ALIGN (0x2)
 *fill*         0x00000251        0x1 00
                0x00000252                __trampolines_start = .
 *(.trampolines)
 .trampolines   0x00000252        0x0 linker stubs
 *(.trampolines*)
                0x00000252                __trampolines_end = .
 *(.jumptables)
 *(.jumptables*)
 *(.lowtext)
 *(.lowtext*)
                0x00000252                __ctors_start = .
 *(.ctors)
                0x00000252                __ctors_end = .
                0x00000252                __dtors_start = .
 *(.dtors)
                0x00000252                __dtors_end = .
 SORT(*)(.ctors)
 SORT(*)(.dtors)
 *(.init0)
 .init0         0x00000252        0x0 c:/winavr-20090313/bin/../lib/gcc/avr/4.3.2/../../../../avr/lib/avr5/crtm168.o
                0x00000252                __init
 *(.init0)
 *(.init1)
 *(.init1)
 *(.init2)
 .init2         0x00000252        0xc c:/winavr-20090313/bin/../lib/gcc/avr/4.3.2/../../../../avr/lib/avr5/crtm168.o
 *(.init2)
 *(.init3)
 *(.init3)
 *(.init4)
 .init4         0x0000025e       0x16 c:/winavr-20090313/bin/../lib/gcc/avr/4.3.2/avr5\libgcc.a(_copy_data.o)
                0x0000025e                __do_copy_data
 .init4         0x00000274       0x10 c:/winavr-20090313/bin/../lib/gcc/avr/4.3.2/avr5\libgcc.a(_clear_bss.o)
                0x00000274                __do_clear_bss
 *(.init4)
 *(.init5)
 *(.init5)
 *(.init6)
 *(.init6)
 *(.init7)
 *(.init7)
 *(.init8)
 *(.init8)
 *(.init9)
 .init9         0x00000284        0x8 c:/winavr-20090313/bin/../lib/gcc/avr/4.3.2/../../../../avr/lib/avr5/crtm168.o
 *(.init9)
 *(.text)
 .text          0x0000028c        0x4 c:/winavr-20090313/bin/../lib/gcc/avr/4.3.2/../../../../avr/lib/avr5/crtm168.o
                0x0000028c                __vector_22
                0x0000028c                __vector_1
                0x0000028c                __vector_24
                0x0000028c                __vector_12
                0x0000028c                __bad_interrupt
                0x0000028c                __vector_6
                0x0000028c                __vector_3
                0x0000028c                __vector_23
                0x0000028c                __vector_25
                0x0000028c                __vector_11
                0x0000028c                __vector_13
                0x0000028c                __vector_17
                0x0000028c                __vector_19
                0x0000028c                __vector_7
                0x0000028c                __vector_5
                0x0000028c                __vector_4
                0x0000028c                __vector_9
                0x0000028c                __vector_2
                0x0000028c                __vector_21
                0x0000028c                __vector_15
                0x0000028c                __vector_8
                0x0000028c                __vector_14
                0x0000028c                __vector_10
                0x0000028c                __vector_16
                0x0000028c                __vector_18
                0x0000028c                __vector_20
 .text          0x00000290      0x1d6 test_readSiliconRev.o
                0x00000290                http200ok
                0x000002a2                print_webpage
                0x00000302                main
 .text          0x00000466      0x55a enc28j60.o
                0x000004aa                enc28j60ReadBuffer
                0x0000050c                enc28j60SetBank
                0x0000061a                enc28j60Init
                0x00000490                enc28j60WriteOp
                0x000005a0                enc28j60PhyReadH
                0x00000562                enc28j60Read
                0x000004e0                enc28j60WriteBuffer
                0x000005d2                enc28j60PhyWrite
                0x000007a0                enc28j60getrev
                0x0000060e                enc28j60clkout
                0x000008a6                enc28j60PacketReceive
                0x0000089a                enc28j60hasRxPkt
                0x00000466                enc28j60ReadOp
                0x000007a8                enc28j60linkup
                0x00000576                enc28j60Write
                0x000007ba                enc28j60PacketSend
 .text          0x000009c0     0x1248 ip_arp_udp_tcp.o
                0x00000aaa                init_ip_arp_udp_tcp
                0x00000da2                client_waiting_gw
                0x00001702                make_udp_reply_from_request
                0x00001050                www_client_internal_datafill_callback
                0x000014e2                send_udp_transmit
                0x00000e80                client_browse_url
                0x00000afa                check_ip_message_is_from
                0x00000c96                fill_tcp_data_p
                0x0000167c                make_tcp_synack_from_syn
                0x00000e4a                client_tcp_req
                0x00000b5e                eth_type_is_ip_and_my_ip
                0x00000f6a                www_client_internal_result_callback
                0x00000bb8                fill_ip_hdr_checksum
                0x0000158c                make_tcp_ack_with_data_noflags
                0x00000dae                client_store_gw_mac
                0x00000cbc                fill_tcp_data_len
                0x00000f60                register_ping_rec_callback
                0x00000e00                client_set_gwip
                0x00000b26                eth_type_is_arp_and_my_ip
                0x0000152c                send_udp
                0x0000164a                www_server_reply
                0x00000ee8                client_http_post
                0x00000be6                make_ip
                0x00001340                client_syn
                0x000017a0                make_echo_reply_from_request
                0x00001442                client_arp_whohas
                0x0000100e                fill_tcp_data
                0x00000c08                step_seq
                0x00000c32                make_tcphead
                0x00000df0                client_gw_arp_refresh
                0x00000b9e                make_eth
                0x000017f0                make_arp_answer_from_request
                0x000009c0                checksum
                0x00000cfa                send_udp_prepare
                0x000015dc                make_tcp_ack_from_any
                0x00000e28                client_tcp_set_serverip
                0x00000ce2                fill_buf_p
                0x00001858                packetloop_icmp_tcp
                0x00000c60                get_tcp_data_len
 .text          0x00001c08        0x0 c:/winavr-20090313/bin/../lib/gcc/avr/4.3.2/avr5\libgcc.a(_prologue.o)
 .text          0x00001c08        0x0 c:/winavr-20090313/bin/../lib/gcc/avr/4.3.2/avr5\libgcc.a(_epilogue.o)
 .text          0x00001c08        0x0 c:/winavr-20090313/bin/../lib/gcc/avr/4.3.2/avr5\libgcc.a(_exit.o)
 .text          0x00001c08        0x0 c:/winavr-20090313/bin/../lib/gcc/avr/4.3.2/avr5\libgcc.a(_copy_data.o)
 .text          0x00001c08        0x0 c:/winavr-20090313/bin/../lib/gcc/avr/4.3.2/avr5\libgcc.a(_clear_bss.o)
 .text          0x00001c08        0xe c:/winavr-20090313/bin/../lib/gcc/avr/4.3.2/../../../../avr/lib/avr5\libc.a(strcpy.o)
                0x00001c08                strcpy
 .text          0x00001c16       0x1c c:/winavr-20090313/bin/../lib/gcc/avr/4.3.2/../../../../avr/lib/avr5\libc.a(strncmp.o)
                0x00001c16                strncmp
 .text          0x00001c32       0x16 c:/winavr-20090313/bin/../lib/gcc/avr/4.3.2/../../../../avr/lib/avr5\libc.a(strnlen.o)
                0x00001c32                strnlen
 .text          0x00001c48       0x42 c:/winavr-20090313/bin/../lib/gcc/avr/4.3.2/../../../../avr/lib/avr5\libc.a(itoa.o)
                0x00001c48                itoa
 .text          0x00001c8a       0x20 c:/winavr-20090313/bin/../lib/gcc/avr/4.3.2/../../../../avr/lib/avr5\libc.a(strrev.o)
                0x00001c8a                strrev
 .text          0x00001caa        0x0 c:/winavr-20090313/bin/../lib/gcc/avr/4.3.2/avr5\libgcc.a(_udivmodhi4.o)
                0x00001caa                . = ALIGN (0x2)
 *(.text.*)
 .text.libgcc   0x00001caa       0x38 c:/winavr-20090313/bin/../lib/gcc/avr/4.3.2/avr5\libgcc.a(_prologue.o)
                0x00001caa                __prologue_saves__
 .text.libgcc   0x00001ce2       0x36 c:/winavr-20090313/bin/../lib/gcc/avr/4.3.2/avr5\libgcc.a(_epilogue.o)
                0x00001ce2                __epilogue_restores__
 .text.libgcc   0x00001d18        0x0 c:/winavr-20090313/bin/../lib/gcc/avr/4.3.2/avr5\libgcc.a(_exit.o)
 .text.libgcc   0x00001d18        0x0 c:/winavr-20090313/bin/../lib/gcc/avr/4.3.2/avr5\libgcc.a(_copy_data.o)
 .text.libgcc   0x00001d18        0x0 c:/winavr-20090313/bin/../lib/gcc/avr/4.3.2/avr5\libgcc.a(_clear_bss.o)
 .text.libgcc   0x00001d18       0x28 c:/winavr-20090313/bin/../lib/gcc/avr/4.3.2/avr5\libgcc.a(_udivmodhi4.o)
                0x00001d18                __udivmodhi4
                0x00001d40                . = ALIGN (0x2)
 *(.fini9)
 .fini9         0x00001d40        0x0 c:/winavr-20090313/bin/../lib/gcc/avr/4.3.2/avr5\libgcc.a(_exit.o)
                0x00001d40                exit
                0x00001d40                _exit
 *(.fini9)
 *(.fini8)
 *(.fini8)
 *(.fini7)
 *(.fini7)
 *(.fini6)
 *(.fini6)
 *(.fini5)
 *(.fini5)
 *(.fini4)
 *(.fini4)
 *(.fini3)
 *(.fini3)
 *(.fini2)
 *(.fini2)
 *(.fini1)
 *(.fini1)
 *(.fini0)
 .fini0         0x00001d40        0x4 c:/winavr-20090313/bin/../lib/gcc/avr/4.3.2/avr5\libgcc.a(_exit.o)
 *(.fini0)
                0x00001d44                _etext = .

.data           0x00800100       0x2c load address 0x00001d44
                0x00800100                PROVIDE (__data_start, .)
 *(.data)
 .data          0x00800100        0x0 c:/winavr-20090313/bin/../lib/gcc/avr/4.3.2/../../../../avr/lib/avr5/crtm168.o
 .data          0x00800100       0x23 test_readSiliconRev.o
 .data          0x00800123        0x0 enc28j60.o
 .data          0x00800123        0x9 ip_arp_udp_tcp.o
 .data          0x0080012c        0x0 c:/winavr-20090313/bin/../lib/gcc/avr/4.3.2/avr5\libgcc.a(_prologue.o)
 .data          0x0080012c        0x0 c:/winavr-20090313/bin/../lib/gcc/avr/4.3.2/avr5\libgcc.a(_epilogue.o)
 .data          0x0080012c        0x0 c:/winavr-20090313/bin/../lib/gcc/avr/4.3.2/avr5\libgcc.a(_exit.o)
 .data          0x0080012c        0x0 c:/winavr-20090313/bin/../lib/gcc/avr/4.3.2/avr5\libgcc.a(_copy_data.o)
 .data          0x0080012c        0x0 c:/winavr-20090313/bin/../lib/gcc/avr/4.3.2/avr5\libgcc.a(_clear_bss.o)
 .data          0x0080012c        0x0 c:/winavr-20090313/bin/../lib/gcc/avr/4.3.2/../../../../avr/lib/avr5\libc.a(strcpy.o)
 .data          0x0080012c        0x0 c:/winavr-20090313/bin/../lib/gcc/avr/4.3.2/../../../../avr/lib/avr5\libc.a(strncmp.o)
 .data          0x0080012c        0x0 c:/winavr-20090313/bin/../lib/gcc/avr/4.3.2/../../../../avr/lib/avr5\libc.a(strnlen.o)
 .data          0x0080012c        0x0 c:/winavr-20090313/bin/../lib/gcc/avr/4.3.2/../../../../avr/lib/avr5\libc.a(itoa.o)
 .data          0x0080012c        0x0 c:/winavr-20090313/bin/../lib/gcc/avr/4.3.2/../../../../avr/lib/avr5\libc.a(strrev.o)
 .data          0x0080012c        0x0 c:/winavr-20090313/bin/../lib/gcc/avr/4.3.2/avr5\libgcc.a(_udivmodhi4.o)
 *(.data*)
 *(.rodata)
 *(.rodata*)
 *(.gnu.linkonce.d*)
                0x0080012c                . = ALIGN (0x2)
                0x0080012c                _edata = .
                0x0080012c                PROVIDE (__data_end, .)

.bss            0x0080012c      0x260
                0x0080012c                PROVIDE (__bss_start, .)
 *(.bss)
 .bss           0x0080012c        0x0 c:/winavr-20090313/bin/../lib/gcc/avr/4.3.2/../../../../avr/lib/avr5/crtm168.o
 .bss           0x0080012c      0x227 test_readSiliconRev.o
 .bss           0x00800353        0x3 enc28j60.o
 .bss           0x00800356       0x36 ip_arp_udp_tcp.o
 .bss           0x0080038c        0x0 c:/winavr-20090313/bin/../lib/gcc/avr/4.3.2/avr5\libgcc.a(_prologue.o)
 .bss           0x0080038c        0x0 c:/winavr-20090313/bin/../lib/gcc/avr/4.3.2/avr5\libgcc.a(_epilogue.o)
 .bss           0x0080038c        0x0 c:/winavr-20090313/bin/../lib/gcc/avr/4.3.2/avr5\libgcc.a(_exit.o)
 .bss           0x0080038c        0x0 c:/winavr-20090313/bin/../lib/gcc/avr/4.3.2/avr5\libgcc.a(_copy_data.o)
 .bss           0x0080038c        0x0 c:/winavr-20090313/bin/../lib/gcc/avr/4.3.2/avr5\libgcc.a(_clear_bss.o)
 .bss           0x0080038c        0x0 c:/winavr-20090313/bin/../lib/gcc/avr/4.3.2/../../../../avr/lib/avr5\libc.a(strcpy.o)
 .bss           0x0080038c        0x0 c:/winavr-20090313/bin/../lib/gcc/avr/4.3.2/../../../../avr/lib/avr5\libc.a(strncmp.o)
 .bss           0x0080038c        0x0 c:/winavr-20090313/bin/../lib/gcc/avr/4.3.2/../../../../avr/lib/avr5\libc.a(strnlen.o)
 .bss           0x0080038c        0x0 c:/winavr-20090313/bin/../lib/gcc/avr/4.3.2/../../../../avr/lib/avr5\libc.a(itoa.o)
 .bss           0x0080038c        0x0 c:/winavr-20090313/bin/../lib/gcc/avr/4.3.2/../../../../avr/lib/avr5\libc.a(strrev.o)
 .bss           0x0080038c        0x0 c:/winavr-20090313/bin/../lib/gcc/avr/4.3.2/avr5\libgcc.a(_udivmodhi4.o)
 *(.bss*)
 *(COMMON)
                0x0080038c                PROVIDE (__bss_end, .)
                0x00001d44                __data_load_start = LOADADDR (.data)
                0x00001d70                __data_load_end = (__data_load_start + SIZEOF (.data))

.noinit         0x0080038c        0x0
                0x0080038c                PROVIDE (__noinit_start, .)
 *(.noinit*)
                0x0080038c                PROVIDE (__noinit_end, .)
                0x0080038c                _end = .
                0x0080038c                PROVIDE (__heap_start, .)

.eeprom         0x00810000        0x0
 *(.eeprom*)
                0x00810000                __eeprom_end = .

.fuse
 *(.fuse)
 *(.lfuse)
 *(.hfuse)
 *(.efuse)

.lock
 *(.lock*)

.signature
 *(.signature*)

.stab
 *(.stab)

.stabstr
 *(.stabstr)

.stab.excl
 *(.stab.excl)

.stab.exclstr
 *(.stab.exclstr)

.stab.index
 *(.stab.index)

.stab.indexstr
 *(.stab.indexstr)

.comment
 *(.comment)

.debug
 *(.debug)

.line
 *(.line)

.debug_srcinfo
 *(.debug_srcinfo)

.debug_sfnames
 *(.debug_sfnames)

.debug_aranges  0x00000000       0x60
 *(.debug_aranges)
 .debug_aranges
                0x00000000       0x20 test_readSiliconRev.o
 .debug_aranges
                0x00000020       0x20 enc28j60.o
 .debug_aranges
                0x00000040       0x20 ip_arp_udp_tcp.o

.debug_pubnames
                0x00000000      0x558
 *(.debug_pubnames)
 .debug_pubnames
                0x00000000       0x3b test_readSiliconRev.o
 .debug_pubnames
                0x0000003b      0x159 enc28j60.o
 .debug_pubnames
                0x00000194      0x3c4 ip_arp_udp_tcp.o

.debug_info     0x00000000     0x21a6
 *(.debug_info)
 .debug_info    0x00000000      0x315 test_readSiliconRev.o
 .debug_info    0x00000315      0x60a enc28j60.o
 .debug_info    0x0000091f     0x1887 ip_arp_udp_tcp.o
 *(.gnu.linkonce.wi.*)

.debug_abbrev   0x00000000      0x648
 *(.debug_abbrev)
 .debug_abbrev  0x00000000      0x15e test_readSiliconRev.o
 .debug_abbrev  0x0000015e      0x1f1 enc28j60.o
 .debug_abbrev  0x0000034f      0x2f9 ip_arp_udp_tcp.o

.debug_line     0x00000000     0x1d20
 *(.debug_line)
 .debug_line    0x00000000      0x21f test_readSiliconRev.o
 .debug_line    0x0000021f      0x869 enc28j60.o
 .debug_line    0x00000a88     0x1298 ip_arp_udp_tcp.o

.debug_frame    0x00000000      0x3d0
 *(.debug_frame)
 .debug_frame   0x00000000       0x40 test_readSiliconRev.o
 .debug_frame   0x00000040      0x110 enc28j60.o
 .debug_frame   0x00000150      0x280 ip_arp_udp_tcp.o

.debug_str      0x00000000      0x7f7
 *(.debug_str)
 .debug_str     0x00000000      0x124 test_readSiliconRev.o
                                0x15d (size before relaxing)
 .debug_str     0x00000124      0x159 enc28j60.o
                                0x265 (size before relaxing)
 .debug_str     0x0000027d      0x57a ip_arp_udp_tcp.o
                                0x700 (size before relaxing)

.debug_loc      0x00000000     0x16bd
 *(.debug_loc)
 .debug_loc     0x00000000       0xfb test_readSiliconRev.o
 .debug_loc     0x000000fb      0x320 enc28j60.o
 .debug_loc     0x0000041b     0x12a2 ip_arp_udp_tcp.o

.debug_macinfo
 *(.debug_macinfo)
OUTPUT(test_readSiliconRev.elf elf32-avr)
LOAD linker stubs

.debug_ranges   0x00000000       0x48
 .debug_ranges  0x00000000       0x48 enc28j60.o
