   1               		.file	"main.c"
   2               	__SREG__ = 0x3f
   3               	__SP_H__ = 0x3e
   4               	__SP_L__ = 0x3d
   5               	__CCP__  = 0x34
   6               	__tmp_reg__ = 0
   7               	__zero_reg__ = 1
  15               	.Ltext0:
  16               	.global	USART_INIT
  18               	USART_INIT:
  19               	.LFB2:
  20               	.LM1:
  21               	/* prologue: function */
  22               	/* frame size = 0 */
  23               	.LM2:
  24 0000 87E6      		ldi r24,lo8(103)
  25 0002 89B9      		out 41-32,r24
  26               	.LM3:
  27 0004 10BC      		out 64-32,__zero_reg__
  28               	.LM4:
  29 0006 86E8      		ldi r24,lo8(-122)
  30 0008 80BD      		out 64-32,r24
  31               	.LM5:
  32 000a 88E1      		ldi r24,lo8(24)
  33 000c 8AB9      		out 42-32,r24
  34               	/* epilogue start */
  35               	.LM6:
  36 000e 0895      		ret
  37               	.LFE2:
  39               	.global	rswritechar
  41               	rswritechar:
  42               	.LFB3:
  43               	.LM7:
  44               	/* prologue: function */
  45               	/* frame size = 0 */
  46               	.LVL0:
  47               	.L4:
  48               	.LM8:
  49 0010 5D9B      		sbis 43-32,5
  50 0012 00C0      		rjmp .L4
  51               	.LM9:
  52 0014 8CB9      		out 44-32,r24
  53               	/* epilogue start */
  54               	.LM10:
  55 0016 0895      		ret
  56               	.LFE3:
  58               	.global	rsreadchar
  60               	rsreadchar:
  61               	.LFB4:
  62               	.LM11:
  63               	/* prologue: function */
  64               	/* frame size = 0 */
  65               	.L8:
  66               	.LM12:
  67 0018 5F9B      		sbis 43-32,7
  68 001a 00C0      		rjmp .L8
  69               	.LM13:
  70 001c 8CB1      		in r24,44-32
  71               	/* epilogue start */
  72               	.LM14:
  73 001e 0895      		ret
  74               	.LFE4:
  76               	.global	rsstr
  78               	rsstr:
  79               	.LFB5:
  80               	.LM15:
  81               	.LVL1:
  82               	/* prologue: function */
  83               	/* frame size = 0 */
  84 0020 FC01      		movw r30,r24
  85 0022 00C0      		rjmp .L12
  86               	.LVL2:
  87               	.L15:
  88               	.LBB186:
  89               	.LBB187:
  90               	.LM16:
  91 0024 5D9B      		sbis 43-32,5
  92 0026 00C0      		rjmp .L15
  93               	.LM17:
  94 0028 8CB9      		out 44-32,r24
  95               	.LBE187:
  96               	.LBE186:
  97               	.LM18:
  98 002a 3196      		adiw r30,1
  99               	.LVL3:
 100               	.L12:
 101               	.LM19:
 102 002c 8081      		ld r24,Z
 103 002e 8823      		tst r24
 104 0030 01F4      		brne .L15
 105               	/* epilogue start */
 106               	.LM20:
 107 0032 0895      		ret
 108               	.LFE5:
 110               	.global	lcd_reset
 112               	lcd_reset:
 113               	.LFB10:
 114               	.LM21:
 115               	/* prologue: function */
 116               	/* frame size = 0 */
 117               	.LM22:
 118 0034 8FEF      		ldi r24,lo8(-1)
 119 0036 88BB      		out 56-32,r24
 120 0038 88EC      		ldi r24,lo8(200)
 121 003a 90E0      		ldi r25,hi8(200)
 122               	.LVL4:
 123               	.LBB188:
 124               	.LBB189:
 125               	.LBB190:
 126               	.LBB191:
 127               	.LM23:
 128 003c 20E9      		ldi r18,lo8(400)
 129 003e 31E0      		ldi r19,hi8(400)
 130               	.L18:
 131 0040 F901      		movw r30,r18
 132               	.LVL5:
 133               	/* #APP */
 134               	 ;  105 "c:/winavr-20090313/lib/gcc/../../avr/include/util/delay_basic.h" 1
 135 0042 3197      		1: sbiw r30,1
 136 0044 01F4      		brne 1b
 137               	 ;  0 "" 2
 138               	/* #NOAPP */
 139               	.LBE191:
 140               	.LBE190:
 141               	.LM24:
 142 0046 0197      		sbiw r24,1
 143               	.LM25:
 144 0048 01F4      		brne .L18
 145               	.LBE189:
 146               	.LBE188:
 147               	.LM26:
 148 004a 94E3      		ldi r25,lo8(52)
 149 004c 98BB      		out 56-32,r25
 150               	.LM27:
 151 004e 80E3      		ldi r24,lo8(48)
 152               	.LVL6:
 153 0050 88BB      		out 56-32,r24
 154               	.LBB192:
 155               	.LBB193:
 156               	.LBB194:
 157               	.LBB195:
 158               	.LM28:
 159 0052 E0E4      		ldi r30,lo8(-25536)
 160 0054 FCE9      		ldi r31,hi8(-25536)
 161               	.LVL7:
 162               	/* #APP */
 163               	 ;  105 "c:/winavr-20090313/lib/gcc/../../avr/include/util/delay_basic.h" 1
 164 0056 3197      		1: sbiw r30,1
 165 0058 01F4      		brne 1b
 166               	 ;  0 "" 2
 167               	/* #NOAPP */
 168               	.LBE195:
 169               	.LBE194:
 170               	.LBE193:
 171               	.LBE192:
 172               	.LM29:
 173 005a 98BB      		out 56-32,r25
 174               	.LM30:
 175 005c 88BB      		out 56-32,r24
 176               	.LBB196:
 177               	.LBB197:
 178               	.LBB198:
 179               	.LBB199:
 180               	.LM31:
 181 005e 20EA      		ldi r18,lo8(4000)
 182 0060 3FE0      		ldi r19,hi8(4000)
 183 0062 F901      		movw r30,r18
 184               	.LVL8:
 185               	/* #APP */
 186               	 ;  105 "c:/winavr-20090313/lib/gcc/../../avr/include/util/delay_basic.h" 1
 187 0064 3197      		1: sbiw r30,1
 188 0066 01F4      		brne 1b
 189               	 ;  0 "" 2
 190               	/* #NOAPP */
 191               	.LBE199:
 192               	.LBE198:
 193               	.LBE197:
 194               	.LBE196:
 195               	.LM32:
 196 0068 98BB      		out 56-32,r25
 197               	.LM33:
 198 006a 88BB      		out 56-32,r24
 199               	.LBB200:
 200               	.LBB201:
 201               	.LBB202:
 202               	.LBB203:
 203               	.LM34:
 204 006c C901      		movw r24,r18
 205               	.LVL9:
 206               	/* #APP */
 207               	 ;  105 "c:/winavr-20090313/lib/gcc/../../avr/include/util/delay_basic.h" 1
 208 006e 0197      		1: sbiw r24,1
 209 0070 01F4      		brne 1b
 210               	 ;  0 "" 2
 211               	/* #NOAPP */
 212               	.LBE203:
 213               	.LBE202:
 214               	.LBE201:
 215               	.LBE200:
 216               	.LM35:
 217 0072 84E2      		ldi r24,lo8(36)
 218               	.LVL10:
 219 0074 88BB      		out 56-32,r24
 220               	.LM36:
 221 0076 80E2      		ldi r24,lo8(32)
 222 0078 88BB      		out 56-32,r24
 223               	.LBB204:
 224               	.LBB205:
 225               	.LBB206:
 226               	.LBB207:
 227               	.LM37:
 228 007a C901      		movw r24,r18
 229               	.LVL11:
 230               	/* #APP */
 231               	 ;  105 "c:/winavr-20090313/lib/gcc/../../avr/include/util/delay_basic.h" 1
 232 007c 0197      		1: sbiw r24,1
 233 007e 01F4      		brne 1b
 234               	 ;  0 "" 2
 235               	/* epilogue start */
 236               	/* #NOAPP */
 237               	.LBE207:
 238               	.LBE206:
 239               	.LBE205:
 240               	.LBE204:
 241               	.LM38:
 242 0080 0895      		ret
 243               	.LFE10:
 245               	.global	lcd_cmd
 247               	lcd_cmd:
 248               	.LFB11:
 249               	.LM39:
 250               	.LVL12:
 251               	/* prologue: function */
 252               	/* frame size = 0 */
 253               	.LM40:
 254 0082 382F      		mov r19,r24
 255 0084 307F      		andi r19,lo8(-16)
 256 0086 232F      		mov r18,r19
 257 0088 2460      		ori r18,lo8(4)
 258 008a 28BB      		out 56-32,r18
 259               	.LM41:
 260 008c 38BB      		out 56-32,r19
 261               	.LM42:
 262 008e 90E0      		ldi r25,lo8(0)
 263 0090 24E0      		ldi r18,4
 264 0092 880F      	1:	lsl r24
 265 0094 991F      		rol r25
 266 0096 2A95      		dec r18
 267 0098 01F4      		brne 1b
 268               	.LVL13:
 269 009a 282F      		mov r18,r24
 270 009c 2460      		ori r18,lo8(4)
 271 009e 28BB      		out 56-32,r18
 272               	.LM43:
 273 00a0 88BB      		out 56-32,r24
 274               	.LBB208:
 275               	.LBB209:
 276               	.LBB210:
 277               	.LBB211:
 278               	.LM44:
 279 00a2 80E4      		ldi r24,lo8(8000)
 280 00a4 9FE1      		ldi r25,hi8(8000)
 281 00a6 FC01      		movw r30,r24
 282               	.LVL14:
 283               	/* #APP */
 284               	 ;  105 "c:/winavr-20090313/lib/gcc/../../avr/include/util/delay_basic.h" 1
 285 00a8 3197      		1: sbiw r30,1
 286 00aa 01F4      		brne 1b
 287               	 ;  0 "" 2
 288               	/* #NOAPP */
 289               	.LBE211:
 290               	.LBE210:
 291               	.LBE209:
 292               	.LBE208:
 293               	.LBB212:
 294               	.LBB213:
 295               	.LBB214:
 296               	.LBB215:
 297               	/* #APP */
 298               	 ;  105 "c:/winavr-20090313/lib/gcc/../../avr/include/util/delay_basic.h" 1
 299 00ac 0197      		1: sbiw r24,1
 300 00ae 01F4      		brne 1b
 301               	 ;  0 "" 2
 302               	.LVL15:
 303               	/* epilogue start */
 304               	/* #NOAPP */
 305               	.LBE215:
 306               	.LBE214:
 307               	.LBE213:
 308               	.LBE212:
 309               	.LM45:
 310 00b0 0895      		ret
 311               	.LFE11:
 313               	.global	lcd_init
 315               	lcd_init:
 316               	.LFB12:
 317               	.LM46:
 318               	/* prologue: function */
 319               	/* frame size = 0 */
 320               	.LM47:
 321 00b2 8FEF      		ldi r24,lo8(-1)
 322 00b4 87BB      		out 55-32,r24
 323               	.LM48:
 324 00b6 18BA      		out 56-32,__zero_reg__
 325               	.LM49:
 326 00b8 0E94 0000 		call lcd_reset
 327               	.LBB216:
 328               	.LBB217:
 329               	.LM50:
 330 00bc 84E2      		ldi r24,lo8(36)
 331 00be 88BB      		out 56-32,r24
 332               	.LM51:
 333 00c0 80E2      		ldi r24,lo8(32)
 334 00c2 88BB      		out 56-32,r24
 335               	.LM52:
 336 00c4 54E8      		ldi r21,lo8(-124)
 337 00c6 58BB      		out 56-32,r21
 338               	.LM53:
 339 00c8 40E8      		ldi r20,lo8(-128)
 340 00ca 48BB      		out 56-32,r20
 341               	.LBB218:
 342               	.LBB219:
 343               	.LBB220:
 344               	.LBB221:
 345               	.LM54:
 346 00cc 20E4      		ldi r18,lo8(8000)
 347 00ce 3FE1      		ldi r19,hi8(8000)
 348 00d0 C901      		movw r24,r18
 349               	.LVL16:
 350               	/* #APP */
 351               	 ;  105 "c:/winavr-20090313/lib/gcc/../../avr/include/util/delay_basic.h" 1
 352 00d2 0197      		1: sbiw r24,1
 353 00d4 01F4      		brne 1b
 354               	 ;  0 "" 2
 355               	/* #NOAPP */
 356               	.LBE221:
 357               	.LBE220:
 358               	.LBE219:
 359               	.LBE218:
 360               	.LBB222:
 361               	.LBB223:
 362               	.LBB224:
 363               	.LBB225:
 364 00d6 C901      		movw r24,r18
 365               	.LVL17:
 366               	/* #APP */
 367               	 ;  105 "c:/winavr-20090313/lib/gcc/../../avr/include/util/delay_basic.h" 1
 368 00d8 0197      		1: sbiw r24,1
 369 00da 01F4      		brne 1b
 370               	 ;  0 "" 2
 371               	/* #NOAPP */
 372               	.LBE225:
 373               	.LBE224:
 374               	.LBE223:
 375               	.LBE222:
 376               	.LBE217:
 377               	.LBE216:
 378               	.LBB226:
 379               	.LBB227:
 380               	.LM55:
 381 00dc 94E0      		ldi r25,lo8(4)
 382 00de 98BB      		out 56-32,r25
 383               	.LM56:
 384 00e0 18BA      		out 56-32,__zero_reg__
 385               	.LM57:
 386 00e2 84EC      		ldi r24,lo8(-60)
 387               	.LVL18:
 388 00e4 88BB      		out 56-32,r24
 389               	.LM58:
 390 00e6 80EC      		ldi r24,lo8(-64)
 391 00e8 88BB      		out 56-32,r24
 392               	.LBB228:
 393               	.LBB229:
 394               	.LBB230:
 395               	.LBB231:
 396               	.LM59:
 397 00ea F901      		movw r30,r18
 398               	.LVL19:
 399               	/* #APP */
 400               	 ;  105 "c:/winavr-20090313/lib/gcc/../../avr/include/util/delay_basic.h" 1
 401 00ec 3197      		1: sbiw r30,1
 402 00ee 01F4      		brne 1b
 403               	 ;  0 "" 2
 404               	/* #NOAPP */
 405               	.LBE231:
 406               	.LBE230:
 407               	.LBE229:
 408               	.LBE228:
 409               	.LBB232:
 410               	.LBB233:
 411               	.LBB234:
 412               	.LBB235:
 413 00f0 F901      		movw r30,r18
 414               	.LVL20:
 415               	/* #APP */
 416               	 ;  105 "c:/winavr-20090313/lib/gcc/../../avr/include/util/delay_basic.h" 1
 417 00f2 3197      		1: sbiw r30,1
 418 00f4 01F4      		brne 1b
 419               	 ;  0 "" 2
 420               	/* #NOAPP */
 421               	.LBE235:
 422               	.LBE234:
 423               	.LBE233:
 424               	.LBE232:
 425               	.LBE227:
 426               	.LBE226:
 427               	.LBB236:
 428               	.LBB237:
 429               	.LM60:
 430 00f6 98BB      		out 56-32,r25
 431               	.LM61:
 432 00f8 18BA      		out 56-32,__zero_reg__
 433               	.LM62:
 434 00fa 84E6      		ldi r24,lo8(100)
 435 00fc 88BB      		out 56-32,r24
 436               	.LM63:
 437 00fe 80E6      		ldi r24,lo8(96)
 438 0100 88BB      		out 56-32,r24
 439               	.LBB238:
 440               	.LBB239:
 441               	.LBB240:
 442               	.LBB241:
 443               	.LM64:
 444 0102 F901      		movw r30,r18
 445               	.LVL21:
 446               	/* #APP */
 447               	 ;  105 "c:/winavr-20090313/lib/gcc/../../avr/include/util/delay_basic.h" 1
 448 0104 3197      		1: sbiw r30,1
 449 0106 01F4      		brne 1b
 450               	 ;  0 "" 2
 451               	/* #NOAPP */
 452               	.LBE241:
 453               	.LBE240:
 454               	.LBE239:
 455               	.LBE238:
 456               	.LBB242:
 457               	.LBB243:
 458               	.LBB244:
 459               	.LBB245:
 460 0108 F901      		movw r30,r18
 461               	.LVL22:
 462               	/* #APP */
 463               	 ;  105 "c:/winavr-20090313/lib/gcc/../../avr/include/util/delay_basic.h" 1
 464 010a 3197      		1: sbiw r30,1
 465 010c 01F4      		brne 1b
 466               	 ;  0 "" 2
 467               	/* #NOAPP */
 468               	.LBE245:
 469               	.LBE244:
 470               	.LBE243:
 471               	.LBE242:
 472               	.LBE237:
 473               	.LBE236:
 474               	.LBB246:
 475               	.LBB247:
 476               	.LM65:
 477 010e 58BB      		out 56-32,r21
 478               	.LM66:
 479 0110 48BB      		out 56-32,r20
 480               	.LM67:
 481 0112 98BB      		out 56-32,r25
 482               	.LM68:
 483 0114 18BA      		out 56-32,__zero_reg__
 484               	.LBB248:
 485               	.LBB249:
 486               	.LBB250:
 487               	.LBB251:
 488               	.LM69:
 489 0116 C901      		movw r24,r18
 490               	.LVL23:
 491               	/* #APP */
 492               	 ;  105 "c:/winavr-20090313/lib/gcc/../../avr/include/util/delay_basic.h" 1
 493 0118 0197      		1: sbiw r24,1
 494 011a 01F4      		brne 1b
 495               	 ;  0 "" 2
 496               	/* #NOAPP */
 497               	.LBE251:
 498               	.LBE250:
 499               	.LBE249:
 500               	.LBE248:
 501               	.LBB252:
 502               	.LBB253:
 503               	.LBB254:
 504               	.LBB255:
 505 011c C901      		movw r24,r18
 506               	.LVL24:
 507               	/* #APP */
 508               	 ;  105 "c:/winavr-20090313/lib/gcc/../../avr/include/util/delay_basic.h" 1
 509 011e 0197      		1: sbiw r24,1
 510 0120 01F4      		brne 1b
 511               	 ;  0 "" 2
 512               	/* epilogue start */
 513               	/* #NOAPP */
 514               	.LBE255:
 515               	.LBE254:
 516               	.LBE253:
 517               	.LBE252:
 518               	.LBE247:
 519               	.LBE246:
 520               	.LM70:
 521 0122 0895      		ret
 522               	.LFE12:
 524               	.global	lcd_data
 526               	lcd_data:
 527               	.LFB13:
 528               	.LM71:
 529               	.LVL25:
 530               	/* prologue: function */
 531               	/* frame size = 0 */
 532               	.LM72:
 533 0124 982F      		mov r25,r24
 534 0126 907F      		andi r25,lo8(-16)
 535 0128 292F      		mov r18,r25
 536 012a 2560      		ori r18,lo8(5)
 537 012c 28BB      		out 56-32,r18
 538               	.LM73:
 539 012e 9160      		ori r25,lo8(1)
 540 0130 98BB      		out 56-32,r25
 541               	.LM74:
 542 0132 8295      		swap r24
 543               	.LVL26:
 544 0134 807F      		andi r24,lo8(-16)
 545 0136 982F      		mov r25,r24
 546 0138 9560      		ori r25,lo8(5)
 547 013a 98BB      		out 56-32,r25
 548               	.LM75:
 549 013c 8160      		ori r24,lo8(1)
 550 013e 88BB      		out 56-32,r24
 551               	.LBB256:
 552               	.LBB257:
 553               	.LBB258:
 554               	.LBB259:
 555               	.LM76:
 556 0140 80E4      		ldi r24,lo8(8000)
 557 0142 9FE1      		ldi r25,hi8(8000)
 558 0144 FC01      		movw r30,r24
 559               	.LVL27:
 560               	/* #APP */
 561               	 ;  105 "c:/winavr-20090313/lib/gcc/../../avr/include/util/delay_basic.h" 1
 562 0146 3197      		1: sbiw r30,1
 563 0148 01F4      		brne 1b
 564               	 ;  0 "" 2
 565               	/* #NOAPP */
 566               	.LBE259:
 567               	.LBE258:
 568               	.LBE257:
 569               	.LBE256:
 570               	.LBB260:
 571               	.LBB261:
 572               	.LBB262:
 573               	.LBB263:
 574               	/* #APP */
 575               	 ;  105 "c:/winavr-20090313/lib/gcc/../../avr/include/util/delay_basic.h" 1
 576 014a 0197      		1: sbiw r24,1
 577 014c 01F4      		brne 1b
 578               	 ;  0 "" 2
 579               	.LVL28:
 580               	/* epilogue start */
 581               	/* #NOAPP */
 582               	.LBE263:
 583               	.LBE262:
 584               	.LBE261:
 585               	.LBE260:
 586               	.LM77:
 587 014e 0895      		ret
 588               	.LFE13:
 590               	.global	lcd_puts
 592               	lcd_puts:
 593               	.LFB14:
 594               	.LM78:
 595               	.LVL29:
 596 0150 CF93      		push r28
 597 0152 DF93      		push r29
 598               	/* prologue: function */
 599               	/* frame size = 0 */
 600               	.LM79:
 601 0154 EC01      		movw r28,r24
 602               	.LVL30:
 603 0156 00C0      		rjmp .L28
 604               	.L29:
 605               	.LM80:
 606 0158 0E94 0000 		call lcd_data
 607               	.L28:
 608               	.LM81:
 609 015c 8991      		ld r24,Y+
 610 015e 8823      		tst r24
 611 0160 01F4      		brne .L29
 612               	/* epilogue start */
 613               	.LM82:
 614 0162 DF91      		pop r29
 615 0164 CF91      		pop r28
 616 0166 0895      		ret
 617               	.LFE14:
 619               	.global	itoa
 621               	itoa:
 622               	.LFB15:
 623               	.LM83:
 624               	.LVL31:
 625 0168 CF92      		push r12
 626 016a DF92      		push r13
 627 016c EF92      		push r14
 628 016e FF92      		push r15
 629 0170 0F93      		push r16
 630 0172 1F93      		push r17
 631               	/* prologue: function */
 632               	/* frame size = 0 */
 633 0174 7C01      		movw r14,r24
 634               	.LM84:
 635 0176 6AE0      		ldi r22,lo8(10)
 636 0178 70E0      		ldi r23,hi8(10)
 637 017a 0E94 0000 		call __udivmodhi4
 638               	.LVL32:
 639 017e D62E      		mov r13,r22
 640 0180 C72E      		mov r12,r23
 641               	.LM85:
 642 0182 862F      		mov r24,r22
 643 0184 972F      		mov r25,r23
 644 0186 6AE0      		ldi r22,lo8(10)
 645 0188 70E0      		ldi r23,hi8(10)
 646 018a 0E94 0000 		call __udivmodhi4
 647 018e 162F      		mov r17,r22
 648 0190 072F      		mov r16,r23
 649               	.LM86:
 650 0192 862F      		mov r24,r22
 651 0194 972F      		mov r25,r23
 652 0196 6AE0      		ldi r22,lo8(10)
 653 0198 70E0      		ldi r23,hi8(10)
 654 019a 0E94 0000 		call __udivmodhi4
 655 019e CB01      		movw r24,r22
 656 01a0 6AE0      		ldi r22,lo8(10)
 657 01a2 70E0      		ldi r23,hi8(10)
 658 01a4 0E94 0000 		call __udivmodhi4
 659 01a8 805D      		subi r24,lo8(-(48))
 660 01aa 0E94 0000 		call lcd_data
 661               	.LM87:
 662 01ae 812F      		mov r24,r17
 663 01b0 902F      		mov r25,r16
 664 01b2 6AE0      		ldi r22,lo8(10)
 665 01b4 70E0      		ldi r23,hi8(10)
 666 01b6 0E94 0000 		call __udivmodhi4
 667 01ba 805D      		subi r24,lo8(-(48))
 668 01bc 0E94 0000 		call lcd_data
 669               	.LM88:
 670 01c0 8D2D      		mov r24,r13
 671 01c2 9C2D      		mov r25,r12
 672 01c4 6AE0      		ldi r22,lo8(10)
 673 01c6 70E0      		ldi r23,hi8(10)
 674 01c8 0E94 0000 		call __udivmodhi4
 675 01cc 805D      		subi r24,lo8(-(48))
 676 01ce 0E94 0000 		call lcd_data
 677               	.LM89:
 678 01d2 C701      		movw r24,r14
 679 01d4 6AE0      		ldi r22,lo8(10)
 680 01d6 70E0      		ldi r23,hi8(10)
 681 01d8 0E94 0000 		call __udivmodhi4
 682 01dc 805D      		subi r24,lo8(-(48))
 683 01de 0E94 0000 		call lcd_data
 684               	/* epilogue start */
 685               	.LM90:
 686 01e2 1F91      		pop r17
 687 01e4 0F91      		pop r16
 688 01e6 FF90      		pop r15
 689 01e8 EF90      		pop r14
 690               	.LVL33:
 691 01ea DF90      		pop r13
 692 01ec CF90      		pop r12
 693 01ee 0895      		ret
 694               	.LFE15:
 696               		.data
 697               	.LC0:
 698 0000 6174 00   		.string	"at"
 699               	.LC1:
 700 0003 6174 2B63 		.string	"at+cmgf=1"
 700      6D67 663D 
 700      3100 
 701               		.text
 702               	.global	readsms
 704               	readsms:
 705               	.LFB16:
 706               	.LM91:
 707               	/* prologue: function */
 708               	/* frame size = 0 */
 709               	.LM92:
 710 01f0 E0E0      		ldi r30,lo8(.LC0)
 711 01f2 F0E0      		ldi r31,hi8(.LC0)
 712               	.LVL34:
 713 01f4 00C0      		rjmp .L34
 714               	.L46:
 715               	.LBB264:
 716               	.LBB265:
 717               	.LBB266:
 718               	.LBB267:
 719               	.LM93:
 720 01f6 5D9B      		sbis 43-32,5
 721 01f8 00C0      		rjmp .L46
 722               	.LM94:
 723 01fa 8CB9      		out 44-32,r24
 724               	.LBE267:
 725               	.LBE266:
 726               	.LM95:
 727 01fc 3196      		adiw r30,1
 728               	.L34:
 729               	.LM96:
 730 01fe 8081      		ld r24,Z
 731 0200 8823      		tst r24
 732 0202 01F4      		brne .L46
 733               	.L45:
 734               	.LBE265:
 735               	.LBE264:
 736               	.LBB268:
 737               	.LBB269:
 738               	.LM97:
 739 0204 5D9B      		sbis 43-32,5
 740 0206 00C0      		rjmp .L45
 741               	.LM98:
 742 0208 8DE0      		ldi r24,lo8(13)
 743 020a 8CB9      		out 44-32,r24
 744 020c 80E1      		ldi r24,lo8(10000)
 745 020e 97E2      		ldi r25,hi8(10000)
 746               	.LVL35:
 747               	.LBE269:
 748               	.LBE268:
 749               	.LBB270:
 750               	.LBB271:
 751               	.LBB272:
 752               	.LBB273:
 753               	.LM99:
 754 0210 20E9      		ldi r18,lo8(400)
 755 0212 31E0      		ldi r19,hi8(400)
 756               	.L37:
 757 0214 F901      		movw r30,r18
 758               	.LVL36:
 759               	/* #APP */
 760               	 ;  105 "c:/winavr-20090313/lib/gcc/../../avr/include/util/delay_basic.h" 1
 761 0216 3197      		1: sbiw r30,1
 762 0218 01F4      		brne 1b
 763               	 ;  0 "" 2
 764               	/* #NOAPP */
 765               	.LBE273:
 766               	.LBE272:
 767               	.LM100:
 768 021a 0197      		sbiw r24,1
 769               	.LM101:
 770 021c 01F4      		brne .L37
 771 021e E0E0      		ldi r30,lo8(.LC1)
 772 0220 F0E0      		ldi r31,hi8(.LC1)
 773               	.LVL37:
 774 0222 00C0      		rjmp .L38
 775               	.LVL38:
 776               	.L44:
 777               	.LBE271:
 778               	.LBE270:
 779               	.LBB274:
 780               	.LBB275:
 781               	.LBB276:
 782               	.LBB277:
 783               	.LM102:
 784 0224 5D9B      		sbis 43-32,5
 785 0226 00C0      		rjmp .L44
 786               	.LM103:
 787 0228 8CB9      		out 44-32,r24
 788               	.LBE277:
 789               	.LBE276:
 790               	.LM104:
 791 022a 3196      		adiw r30,1
 792               	.LVL39:
 793               	.L38:
 794               	.LM105:
 795 022c 8081      		ld r24,Z
 796               	.LVL40:
 797 022e 8823      		tst r24
 798 0230 01F4      		brne .L44
 799               	.L43:
 800               	.LBE275:
 801               	.LBE274:
 802               	.LBB278:
 803               	.LBB279:
 804               	.LM106:
 805 0232 5D9B      		sbis 43-32,5
 806 0234 00C0      		rjmp .L43
 807               	.LM107:
 808 0236 8DE0      		ldi r24,lo8(13)
 809 0238 8CB9      		out 44-32,r24
 810 023a 80E1      		ldi r24,lo8(10000)
 811 023c 97E2      		ldi r25,hi8(10000)
 812               	.LVL41:
 813               	.LBE279:
 814               	.LBE278:
 815               	.LBB280:
 816               	.LBB281:
 817               	.LBB282:
 818               	.LBB283:
 819               	.LM108:
 820 023e 20E9      		ldi r18,lo8(400)
 821 0240 31E0      		ldi r19,hi8(400)
 822               	.L41:
 823 0242 F901      		movw r30,r18
 824               	.LVL42:
 825               	/* #APP */
 826               	 ;  105 "c:/winavr-20090313/lib/gcc/../../avr/include/util/delay_basic.h" 1
 827 0244 3197      		1: sbiw r30,1
 828 0246 01F4      		brne 1b
 829               	 ;  0 "" 2
 830               	/* #NOAPP */
 831               	.LBE283:
 832               	.LBE282:
 833               	.LM109:
 834 0248 0197      		sbiw r24,1
 835               	.LM110:
 836 024a 01F4      		brne .L41
 837               	/* epilogue start */
 838               	.LBE281:
 839               	.LBE280:
 840               	.LM111:
 841 024c 0895      		ret
 842               	.LFE16:
 844               		.data
 845               	.LC2:
 846 000d 6174 2B63 		.string	"at+cmgs="
 846      6D67 733D 
 846      00
 847               	.LC3:
 848 0016 3938 3236 		.string	"9826541718"
 848      3534 3137 
 848      3138 00
 849               	.LC4:
 850 0021 416C 6572 		.string	"Alert~! Soil Moisture Low "
 850      747E 2120 
 850      536F 696C 
 850      204D 6F69 
 850      7374 7572 
 851               		.text
 852               	.global	sendsms
 854               	sendsms:
 855               	.LFB17:
 856               	.LM112:
 857               	/* prologue: function */
 858               	/* frame size = 0 */
 859               	.LM113:
 860 024e E0E0      		ldi r30,lo8(.LC0)
 861 0250 F0E0      		ldi r31,hi8(.LC0)
 862               	.LVL43:
 863 0252 00C0      		rjmp .L54
 864               	.L83:
 865               	.LBB284:
 866               	.LBB285:
 867               	.LBB286:
 868               	.LBB287:
 869               	.LM114:
 870 0254 5D9B      		sbis 43-32,5
 871 0256 00C0      		rjmp .L83
 872               	.LM115:
 873 0258 8CB9      		out 44-32,r24
 874               	.LBE287:
 875               	.LBE286:
 876               	.LM116:
 877 025a 3196      		adiw r30,1
 878               	.L54:
 879               	.LM117:
 880 025c 8081      		ld r24,Z
 881 025e 8823      		tst r24
 882 0260 01F4      		brne .L83
 883               	.L82:
 884               	.LBE285:
 885               	.LBE284:
 886               	.LBB288:
 887               	.LBB289:
 888               	.LM118:
 889 0262 5D9B      		sbis 43-32,5
 890 0264 00C0      		rjmp .L82
 891               	.LM119:
 892 0266 8DE0      		ldi r24,lo8(13)
 893 0268 8CB9      		out 44-32,r24
 894 026a 80E1      		ldi r24,lo8(10000)
 895 026c 97E2      		ldi r25,hi8(10000)
 896               	.LVL44:
 897               	.LBE289:
 898               	.LBE288:
 899               	.LBB290:
 900               	.LBB291:
 901               	.LBB292:
 902               	.LBB293:
 903               	.LM120:
 904 026e 20E9      		ldi r18,lo8(400)
 905 0270 31E0      		ldi r19,hi8(400)
 906               	.L57:
 907 0272 F901      		movw r30,r18
 908               	.LVL45:
 909               	/* #APP */
 910               	 ;  105 "c:/winavr-20090313/lib/gcc/../../avr/include/util/delay_basic.h" 1
 911 0274 3197      		1: sbiw r30,1
 912 0276 01F4      		brne 1b
 913               	 ;  0 "" 2
 914               	/* #NOAPP */
 915               	.LBE293:
 916               	.LBE292:
 917               	.LM121:
 918 0278 0197      		sbiw r24,1
 919               	.LM122:
 920 027a 01F4      		brne .L57
 921 027c E0E0      		ldi r30,lo8(.LC1)
 922 027e F0E0      		ldi r31,hi8(.LC1)
 923               	.LVL46:
 924 0280 00C0      		rjmp .L58
 925               	.LVL47:
 926               	.L81:
 927               	.LBE291:
 928               	.LBE290:
 929               	.LBB294:
 930               	.LBB295:
 931               	.LBB296:
 932               	.LBB297:
 933               	.LM123:
 934 0282 5D9B      		sbis 43-32,5
 935 0284 00C0      		rjmp .L81
 936               	.LM124:
 937 0286 8CB9      		out 44-32,r24
 938               	.LBE297:
 939               	.LBE296:
 940               	.LM125:
 941 0288 3196      		adiw r30,1
 942               	.LVL48:
 943               	.L58:
 944               	.LM126:
 945 028a 8081      		ld r24,Z
 946               	.LVL49:
 947 028c 8823      		tst r24
 948 028e 01F4      		brne .L81
 949               	.L80:
 950               	.LBE295:
 951               	.LBE294:
 952               	.LBB298:
 953               	.LBB299:
 954               	.LM127:
 955 0290 5D9B      		sbis 43-32,5
 956 0292 00C0      		rjmp .L80
 957               	.LM128:
 958 0294 8DE0      		ldi r24,lo8(13)
 959 0296 8CB9      		out 44-32,r24
 960 0298 80E1      		ldi r24,lo8(10000)
 961 029a 97E2      		ldi r25,hi8(10000)
 962               	.LVL50:
 963               	.LBE299:
 964               	.LBE298:
 965               	.LBB300:
 966               	.LBB301:
 967               	.LBB302:
 968               	.LBB303:
 969               	.LM129:
 970 029c 20E9      		ldi r18,lo8(400)
 971 029e 31E0      		ldi r19,hi8(400)
 972               	.L61:
 973 02a0 F901      		movw r30,r18
 974               	.LVL51:
 975               	/* #APP */
 976               	 ;  105 "c:/winavr-20090313/lib/gcc/../../avr/include/util/delay_basic.h" 1
 977 02a2 3197      		1: sbiw r30,1
 978 02a4 01F4      		brne 1b
 979               	 ;  0 "" 2
 980               	/* #NOAPP */
 981               	.LBE303:
 982               	.LBE302:
 983               	.LM130:
 984 02a6 0197      		sbiw r24,1
 985               	.LM131:
 986 02a8 01F4      		brne .L61
 987 02aa E0E0      		ldi r30,lo8(.LC2)
 988 02ac F0E0      		ldi r31,hi8(.LC2)
 989               	.LVL52:
 990 02ae 00C0      		rjmp .L62
 991               	.LVL53:
 992               	.L79:
 993               	.LBE301:
 994               	.LBE300:
 995               	.LBB304:
 996               	.LBB305:
 997               	.LBB306:
 998               	.LBB307:
 999               	.LM132:
 1000 02b0 5D9B      		sbis 43-32,5
 1001 02b2 00C0      		rjmp .L79
 1002               	.LM133:
 1003 02b4 8CB9      		out 44-32,r24
 1004               	.LBE307:
 1005               	.LBE306:
 1006               	.LM134:
 1007 02b6 3196      		adiw r30,1
 1008               	.LVL54:
 1009               	.L62:
 1010               	.LM135:
 1011 02b8 8081      		ld r24,Z
 1012               	.LVL55:
 1013 02ba 8823      		tst r24
 1014 02bc 01F4      		brne .L79
 1015               	.L78:
 1016               	.LBE305:
 1017               	.LBE304:
 1018               	.LBB308:
 1019               	.LBB309:
 1020               	.LM136:
 1021 02be 5D9B      		sbis 43-32,5
 1022 02c0 00C0      		rjmp .L78
 1023               	.LM137:
 1024 02c2 82E2      		ldi r24,lo8(34)
 1025 02c4 8CB9      		out 44-32,r24
 1026 02c6 E0E0      		ldi r30,lo8(.LC3)
 1027 02c8 F0E0      		ldi r31,hi8(.LC3)
 1028               	.LVL56:
 1029 02ca 00C0      		rjmp .L65
 1030               	.L77:
 1031               	.LBE309:
 1032               	.LBE308:
 1033               	.LBB310:
 1034               	.LBB311:
 1035               	.LBB312:
 1036               	.LBB313:
 1037               	.LM138:
 1038 02cc 5D9B      		sbis 43-32,5
 1039 02ce 00C0      		rjmp .L77
 1040               	.LM139:
 1041 02d0 8CB9      		out 44-32,r24
 1042               	.LBE313:
 1043               	.LBE312:
 1044               	.LM140:
 1045 02d2 3196      		adiw r30,1
 1046               	.L65:
 1047               	.LM141:
 1048 02d4 8081      		ld r24,Z
 1049 02d6 8823      		tst r24
 1050 02d8 01F4      		brne .L77
 1051               	.L76:
 1052               	.LBE311:
 1053               	.LBE310:
 1054               	.LBB314:
 1055               	.LBB315:
 1056               	.LM142:
 1057 02da 5D9B      		sbis 43-32,5
 1058 02dc 00C0      		rjmp .L76
 1059               	.LM143:
 1060 02de 82E2      		ldi r24,lo8(34)
 1061 02e0 8CB9      		out 44-32,r24
 1062               	.L68:
 1063               	.LBE315:
 1064               	.LBE314:
 1065               	.LBB316:
 1066               	.LBB317:
 1067               	.LM144:
 1068 02e2 5D9B      		sbis 43-32,5
 1069 02e4 00C0      		rjmp .L68
 1070               	.LM145:
 1071 02e6 8DE0      		ldi r24,lo8(13)
 1072 02e8 8CB9      		out 44-32,r24
 1073 02ea E0E0      		ldi r30,lo8(.LC4)
 1074 02ec F0E0      		ldi r31,hi8(.LC4)
 1075               	.LVL57:
 1076 02ee 00C0      		rjmp .L69
 1077               	.L75:
 1078               	.LBE317:
 1079               	.LBE316:
 1080               	.LBB318:
 1081               	.LBB319:
 1082               	.LBB320:
 1083               	.LBB321:
 1084               	.LM146:
 1085 02f0 5D9B      		sbis 43-32,5
 1086 02f2 00C0      		rjmp .L75
 1087               	.LM147:
 1088 02f4 8CB9      		out 44-32,r24
 1089               	.LBE321:
 1090               	.LBE320:
 1091               	.LM148:
 1092 02f6 3196      		adiw r30,1
 1093               	.L69:
 1094               	.LM149:
 1095 02f8 8081      		ld r24,Z
 1096 02fa 8823      		tst r24
 1097 02fc 01F4      		brne .L75
 1098               	.L74:
 1099               	.LBE319:
 1100               	.LBE318:
 1101               	.LBB322:
 1102               	.LBB323:
 1103               	.LM150:
 1104 02fe 5D9B      		sbis 43-32,5
 1105 0300 00C0      		rjmp .L74
 1106               	.LM151:
 1107 0302 8AE1      		ldi r24,lo8(26)
 1108 0304 8CB9      		out 44-32,r24
 1109 0306 80E2      		ldi r24,lo8(20000)
 1110 0308 9EE4      		ldi r25,hi8(20000)
 1111               	.LVL58:
 1112               	.LBE323:
 1113               	.LBE322:
 1114               	.LBB324:
 1115               	.LBB325:
 1116               	.LBB326:
 1117               	.LBB327:
 1118               	.LM152:
 1119 030a 20E9      		ldi r18,lo8(400)
 1120 030c 31E0      		ldi r19,hi8(400)
 1121               	.L72:
 1122 030e F901      		movw r30,r18
 1123               	.LVL59:
 1124               	/* #APP */
 1125               	 ;  105 "c:/winavr-20090313/lib/gcc/../../avr/include/util/delay_basic.h" 1
 1126 0310 3197      		1: sbiw r30,1
 1127 0312 01F4      		brne 1b
 1128               	 ;  0 "" 2
 1129               	/* #NOAPP */
 1130               	.LBE327:
 1131               	.LBE326:
 1132               	.LM153:
 1133 0314 0197      		sbiw r24,1
 1134               	.LM154:
 1135 0316 01F4      		brne .L72
 1136               	/* epilogue start */
 1137               	.LBE325:
 1138               	.LBE324:
 1139               	.LM155:
 1140 0318 0895      		ret
 1141               	.LFE17:
 1143               	.global	main
 1145               	main:
 1146               	.LFB18:
 1147               	.LM156:
 1148 031a 1F93      		push r17
 1149               	/* prologue: function */
 1150               	/* frame size = 0 */
 1151               	.LBB328:
 1152               	.LBB329:
 1153               	.LM157:
 1154 031c 87E6      		ldi r24,lo8(103)
 1155 031e 89B9      		out 41-32,r24
 1156               	.LM158:
 1157 0320 10BC      		out 64-32,__zero_reg__
 1158               	.LM159:
 1159 0322 86E8      		ldi r24,lo8(-122)
 1160 0324 80BD      		out 64-32,r24
 1161               	.LM160:
 1162 0326 88E1      		ldi r24,lo8(24)
 1163 0328 8AB9      		out 42-32,r24
 1164               	.LBE329:
 1165               	.LBE328:
 1166               	.LM161:
 1167 032a 8FEF      		ldi r24,lo8(-1)
 1168 032c 8ABB      		out 58-32,r24
 1169               	.LM162:
 1170 032e 1BBA      		out 59-32,__zero_reg__
 1171               	.LM163:
 1172 0330 11BA      		out 49-32,__zero_reg__
 1173               	.LM164:
 1174 0332 8FE0      		ldi r24,lo8(15)
 1175 0334 82BB      		out 50-32,r24
 1176               	.LM165:
 1177 0336 0E94 0000 		call readsms
 1178               	.LM166:
 1179 033a 10E1      		ldi r17,lo8(16)
 1180               	.L106:
 1181               	.LM167:
 1182 033c 8099      		sbic 48-32,0
 1183 033e 00C0      		rjmp .L106
 1184               	.L103:
 1185               	.LM168:
 1186 0340 809B      		sbis 48-32,0
 1187 0342 00C0      		rjmp .L103
 1188               	.LM169:
 1189 0344 0E94 0000 		call sendsms
 1190               	.LM170:
 1191 0348 8BB3      		in r24,59-32
 1192 034a 8127      		eor r24,r17
 1193 034c 8BBB      		out 59-32,r24
 1194 034e 00C0      		rjmp .L106
 1195               	.LFE18:
 1317               	.Letext0:
DEFINED SYMBOLS
                            *ABS*:00000000 main.c
C:\DOCUME~1\anupam\LOCALS~1\Temp/ccodnZwG.s:2      *ABS*:0000003f __SREG__
C:\DOCUME~1\anupam\LOCALS~1\Temp/ccodnZwG.s:3      *ABS*:0000003e __SP_H__
C:\DOCUME~1\anupam\LOCALS~1\Temp/ccodnZwG.s:4      *ABS*:0000003d __SP_L__
C:\DOCUME~1\anupam\LOCALS~1\Temp/ccodnZwG.s:5      *ABS*:00000034 __CCP__
C:\DOCUME~1\anupam\LOCALS~1\Temp/ccodnZwG.s:6      *ABS*:00000000 __tmp_reg__
C:\DOCUME~1\anupam\LOCALS~1\Temp/ccodnZwG.s:7      *ABS*:00000001 __zero_reg__
C:\DOCUME~1\anupam\LOCALS~1\Temp/ccodnZwG.s:18     .text:00000000 USART_INIT
C:\DOCUME~1\anupam\LOCALS~1\Temp/ccodnZwG.s:41     .text:00000010 rswritechar
C:\DOCUME~1\anupam\LOCALS~1\Temp/ccodnZwG.s:60     .text:00000018 rsreadchar
C:\DOCUME~1\anupam\LOCALS~1\Temp/ccodnZwG.s:78     .text:00000020 rsstr
C:\DOCUME~1\anupam\LOCALS~1\Temp/ccodnZwG.s:112    .text:00000034 lcd_reset
C:\DOCUME~1\anupam\LOCALS~1\Temp/ccodnZwG.s:247    .text:00000082 lcd_cmd
C:\DOCUME~1\anupam\LOCALS~1\Temp/ccodnZwG.s:315    .text:000000b2 lcd_init
C:\DOCUME~1\anupam\LOCALS~1\Temp/ccodnZwG.s:526    .text:00000124 lcd_data
C:\DOCUME~1\anupam\LOCALS~1\Temp/ccodnZwG.s:592    .text:00000150 lcd_puts
C:\DOCUME~1\anupam\LOCALS~1\Temp/ccodnZwG.s:621    .text:00000168 itoa
C:\DOCUME~1\anupam\LOCALS~1\Temp/ccodnZwG.s:704    .text:000001f0 readsms
C:\DOCUME~1\anupam\LOCALS~1\Temp/ccodnZwG.s:854    .text:0000024e sendsms
C:\DOCUME~1\anupam\LOCALS~1\Temp/ccodnZwG.s:1145   .text:0000031a main

UNDEFINED SYMBOLS
__udivmodhi4
__do_copy_data
